    Finished `release` profile [optimized] target(s) in 0.02s
     Running `rust\pob-optimizer\target\release\examples\smoke.exe 4`
booting pool (4 workers) ...
pool up, worker_count = 4
engine reports 3231 eligible candidate nodes
scores: [23622.246671665613, 23622.246671665613, 23884.170900396817, 23622.246671665613, 23626.243089063868, 23721.66012517056, 23622.246671665613, 23895.973840331317, 23721.66012517056, 23622.246671665613]
OK: base score 23622.247, two empty queries agree exactly
OK: 5/8 node additions changed the score
OK: second batch reused the same pool, base score stable
OK: pool destroyed cleanly

--- clean-slate surface (score3 / graph / weights / save) ---
OK: graph export parsed (start 44683, budget 127, 4478 nodes)
OK: score3 base (score=59.707, dps=251.2, ehp=9897.9)
Loading main script...
Loading main script...
Loading main script...
Loading main script...
Unicode support detected
Unicode support detected
Unicode support detected
Unicode support detected
Loading passive tree data for version '0_5'...
Loading passive tree data for version '0_5'...
Loading passive tree data for version '0_5'...
Loading passive tree data for version '0_5'...
Loading passive tree assets...
Loading passive tree assets...
Loading passive tree assets...
Processing tree...
Processing tree...
Processing tree...
Loading passive tree assets...
Processing tree...
missing node 24665
missing node 24665
missing node 24665
missing node 35715
missing node 28429
missing node 26353
missing node 950
missing node 45406
missing node 50198
missing node 5162
missing node 10889
missing node 62386
missing node 39383
missing node 51916
missing node 54579
missing node 16732
missing node 24665
missing node 35715
missing node 28429
missing node 26353
missing node 950
missing node 45406
missing node 50198
missing node 5162
missing node 10889
missing node 62386
missing node 39383
missing node 35715
missing node 28429
missing node 26353
missing node 950
missing node 45406
missing node 50198
missing node 5162
missing node 51916
missing node 54579
missing node 16732
missing node 10889
missing node 62386
missing node 39383
missing node 51916
missing node 54579
missing node 16732
missing node 35715
missing node 28429
missing node 26353
missing node 950
missing node 45406
missing node 50198
missing node 5162
missing node 10889
missing node 62386
missing node 39383
missing node 51916
missing node 54579
missing node 16732
Startup time: 0 ms
Startup time: 0 ms
Startup time: 0 ms
Uniques loaded
Uniques loaded
Uniques loaded
Uniques loaded
Rares loaded
Rares loaded
Rares loaded
Rares loaded
Startup time: 0 ms
Loading main script...
Loading main script...
Loading main script...
Loading main script...
Unicode support detected
Unicode support detected
Unicode support detected
Loading passive tree data for version '0_5'...
Unicode support detected
Loading passive tree data for version '0_5'...
Loading passive tree data for version '0_5'...
Loading passive tree data for version '0_5'...
Loading passive tree assets...
Processing tree...
Loading passive tree assets...
Processing tree...
Loading passive tree assets...
Processing tree...
Loading passive tree assets...
Processing tree...
missing node 24665
missing node 24665
missing node 24665
missing node 24665
missing node 35715
missing node 28429
missing node 26353
missing node 950
missing node 45406
missing node 50198
missing node 5162
missing node 35715
missing node 28429
missing node 26353
missing node 950
missing node 45406
missing node 50198
missing node 5162
missing node 10889
missing node 62386
missing node 39383
missing node 10889
missing node 62386
missing node 39383
missing node 51916
missing node 54579
missing node 16732
missing node 35715
missing node 28429
missing node 26353
missing node 950
missing node 45406
missing node 50198
missing node 5162
missing node 35715
missing node 28429
missing node 26353
missing node 950
missing node 45406
missing node 50198
missing node 5162
missing node 10889
missing node 62386
missing node 39383
missing node 10889
missing node 62386
missing node 39383
missing node 51916
missing node 54579
missing node 16732
missing node 51916
missing node 54579
missing node 16732
missing node 51916
missing node 54579
missing node 16732
Startup time: 0 ms
Startup time: 0 ms
Uniques loaded
Uniques loaded
Uniques loaded
Uniques loaded
Rares loaded
Startup time: 0 ms
Rares loaded
Rares loaded
Rares loaded
Startup time: 0 ms
Loading main script...
Unicode support detected
Loading passive tree data for version '0_5'...
Loading passive tree assets...
Processing tree...
missing node 24665
missing node 35715
missing node 28429
missing node 26353
missing node 950
missing node 45406
missing node 50198
missing node 5162
missing node 10889
missing node 62386
missing node 39383
missing node 51916
missing node 54579
missing node 16732
Startup time: 0 ms
Uniques loaded
Rares loaded
LOK: weights move the score (dps-heavy 88.680 vs ehp-heavy 150.146)
OK: call_save wrote 38338 bytes -> C:/Users/Maikel/Documents/Projects/Path_of_building_auto_build/PathOfBuilding-PoE2_torust/src/Builds/smoke_optimized.xml
OK: clean-slate pool destroyed cleanly

SMOKE TEST PASSED
oading main script...
Unicode support detected
Loading passive tree data for version '0_5'...
Loading passive tree assets...
Processing tree...
missing node 24665
missing node 35715
missing node 28429
missing node 26353
missing node 950
missing node 45406
missing node 50198
missing node 5162
missing node 10889
missing node 62386
missing node 39383
missing node 51916
missing node 54579
missing node 16732
Startup time: 0 ms
Uniques loaded
Rares loaded
Loading main script...
Loading main script...
Loading main script...
Loading main script...
Unicode support detected
Unicode support detected
Unicode support detected
Unicode support detected
Loading passive tree data for version '0_5'...
Loading passive tree data for version '0_5'...
Loading passive tree data for version '0_5'...
Loading passive tree data for version '0_5'...
Loading passive tree assets...
Loading passive tree assets...
Processing tree...
Loading passive tree assets...
Processing tree...
Processing tree...
Loading passive tree assets...
Processing tree...
missing node 24665
missing node 24665
missing node 24665
missing node 24665
missing node 35715
missing node 28429
missing node 26353
missing node 950
missing node 45406
missing node 50198
missing node 5162
missing node 35715
missing node 28429
missing node 26353
missing node 950
missing node 45406
missing node 50198
missing node 5162
missing node 10889
missing node 62386
missing node 39383
missing node 10889
missing node 62386
missing node 39383
missing node 51916
missing node 54579
missing node 16732
missing node 51916
missing node 54579
missing node 16732
missing node 35715
missing node 28429
missing node 26353
missing node 950
missing node 45406
missing node 50198
missing node 5162
missing node 10889
missing node 62386
missing node 39383
missing node 35715
missing node 28429
missing node 26353
missing node 950
missing node 45406
missing node 50198
missing node 5162
missing node 51916
missing node 54579
missing node 16732
missing node 10889
missing node 62386
missing node 39383
missing node 51916
missing node 54579
missing node 16732
Startup time: 0 ms
Startup time: 0 ms
Startup time: 0 ms
Startup time: 0 ms
Uniques loaded
Uniques loaded
Uniques loaded
Uniques loaded
Rares loaded
Rares loaded
Rares loaded
Rares loaded
